
> hostel-booking@0.0.1 build
> npx prisma generate --schema=./prisma/schema.prisma && nest build

node.exe : Loaded Prisma config from prisma.config.ts.
At line:1 char:1
+ & "C:\Program Files\nodejs/node.exe" "C:\Program Files\nodejs/node_mo ...
+ ~~~~~~~~~~~~~~~~~~~~~~~~~~~~~~~~~~~~~~~~~~~~~~~~~~~~~~~~~~~~~~~~~~~~~
    + CategoryInfo          : NotSpecified: (Loaded Prisma c...isma.config.ts.:String) [], RemoteException
    + FullyQualifiedErrorId : NativeCommandError
 

Prisma schema loaded from prisma\schema.prisma.
warn Preview feature "driverAdapters" is deprecated. The functionality can be used without specifying it as a preview 
feature.

Γ£ö Generated Prisma Client (v7.7.0) to .\node_modules\@prisma\client in 1.02s

Start by importing your Prisma Client (See: https://pris.ly/d/importing-client)


[96mapps/api/src/main.ts[0m:[93m42[0m:[93m11[0m - [91merror[0m[90m TS2349: [0mThis expression is not 
callable.
  Type 'typeof cookieParser' has no call signatures.

[7m42[0m   app.use(cookieParser());
[7m  [0m [91m          ~~~~~~~~~~~~[0m

  [96mapps/api/src/main.ts[0m:[93m7[0m:[93m1[0m
    [7m7[0m import * as cookieParser from "cookie-parser";
    [7m [0m [96m~~~~~~~~~~~~~~~~~~~~~~~~~~~~~~~~~~~~~~~~~~~~~~[0m
    Type originates at this import. A namespace-style import cannot be called or constructed, and will cause a failure 
at runtime. Consider using a default import or import require here instead.
[96mapps/api/src/modules/admin/admin-audit.service.ts[0m:[93m72[0m:[93m15[0m - [91merror[0m[90m TS2339: 
[0mProperty 'stack' does not exist on type 'unknown'.

[7m72[0m         error.stack,
[7m  [0m [91m              ~~~~~[0m
[96mapps/api/src/modules/auth/auth.controller.ts[0m:[93m178[0m:[93m60[0m - [91merror[0m[90m TS2339: 
[0mProperty 'message' does not exist on type 'unknown'.

[7m178[0m       console.error("[Google OAuth Callback Error]", error.message, error.stack);
[7m   [0m [91m                                                           ~~~~~~~[0m
[96mapps/api/src/modules/auth/auth.controller.ts[0m:[93m178[0m:[93m75[0m - [91merror[0m[90m TS2339: 
[0mProperty 'stack' does not exist on type 'unknown'.

[7m178[0m       console.error("[Google OAuth Callback Error]", error.message, error.stack);
[7m   [0m [91m                                                                          ~~~~~[0m
[96mapps/api/src/modules/auth/auth.controller.ts[0m:[93m181[0m:[93m103[0m - [91merror[0m[90m TS2339: 
[0mProperty 'message' does not exist on type 'unknown'.

[7m181[0m       return 
res.redirect(`${baseUrl}/auth/login?error=OAuthFailed&message=${encodeURIComponent(error.message)}`);
[7m   [0m [91m                                                                                                      
~~~~~~~[0m
[96mapps/api/src/modules/auth/auth.service.ts[0m:[93m92[0m:[93m74[0m - [91merror[0m[90m TS2339: [0mProperty 
'message' does not exist on type 'unknown'.

[7m92[0m         this.logger.error(`Registration failed for ${dto.email}: ${error.message}`, error.stack);
[7m  [0m [91m                                                                         ~~~~~~~[0m
[96mapps/api/src/modules/auth/auth.service.ts[0m:[93m92[0m:[93m91[0m - [91merror[0m[90m TS2339: [0mProperty 
'stack' does not exist on type 'unknown'.

[7m92[0m         this.logger.error(`Registration failed for ${dto.email}: ${error.message}`, error.stack);
[7m  [0m [91m                                                                                          ~~~~~[0m
[96mapps/api/src/modules/health/health.controller.ts[0m:[93m26[0m:[93m22[0m - [91merror[0m[90m TS2339: 
[0mProperty 'message' does not exist on type 'unknown'.

[7m26[0m         error: error.message
[7m  [0m [91m                     ~~~~~~~[0m
[96mapps/api/src/modules/notifications/sms.service.ts[0m:[93m46[0m:[93m56[0m - [91merror[0m[90m TS2339: 
[0mProperty 'message' does not exist on type 'unknown'.

[7m46[0m         `Failed to send SMS to ${formattedTo}: ${error.message}`,
[7m  [0m [91m                                                       ~~~~~~~[0m
[96mapps/api/src/modules/payments/paystack.service.ts[0m:[93m45[0m:[93m39[0m - [91merror[0m[90m TS2339: 
[0mProperty 'response' does not exist on type 'unknown'.

[7m45[0m         `Paystack Init Error: ${error.response?.data?.message || error.message}`,
[7m  [0m [91m                                      ~~~~~~~~[0m
[96mapps/api/src/modules/payments/paystack.service.ts[0m:[93m45[0m:[93m72[0m - [91merror[0m[90m TS2339: 
[0mProperty 'message' does not exist on type 'unknown'.

[7m45[0m         `Paystack Init Error: ${error.response?.data?.message || error.message}`,
[7m  [0m [91m                                                                       ~~~~~~~[0m
[96mapps/api/src/modules/payments/paystack.service.ts[0m:[93m66[0m:[93m45[0m - [91merror[0m[90m TS2339: 
[0mProperty 'response' does not exist on type 'unknown'.

[7m66[0m         `Paystack Subaccount Error: ${error.response?.data?.message || error.message}`,
[7m  [0m [91m                                            ~~~~~~~~[0m
[96mapps/api/src/modules/payments/paystack.service.ts[0m:[93m66[0m:[93m78[0m - [91merror[0m[90m TS2339: 
[0mProperty 'message' does not exist on type 'unknown'.

[7m66[0m         `Paystack Subaccount Error: ${error.response?.data?.message || error.message}`,
[7m  [0m [91m                                                                             ~~~~~~~[0m
[96mapps/api/src/modules/payments/paystack.service.ts[0m:[93m83[0m:[93m41[0m - [91merror[0m[90m TS2339: 
[0mProperty 'response' does not exist on type 'unknown'.

[7m83[0m         `Paystack Verify Error: ${error.response?.data?.message || error.message}`,
[7m  [0m [91m                                        ~~~~~~~~[0m
[96mapps/api/src/modules/payments/paystack.service.ts[0m:[93m83[0m:[93m74[0m - [91merror[0m[90m TS2339: 
[0mProperty 'message' does not exist on type 'unknown'.

[7m83[0m         `Paystack Verify Error: ${error.response?.data?.message || error.message}`,
[7m  [0m [91m                                                                         ~~~~~~~[0m
[96mapps/api/src/modules/payments/paystack.service.ts[0m:[93m96[0m:[93m60[0m - [91merror[0m[90m TS2339: 
[0mProperty 'message' does not exist on type 'unknown'.

[7m96[0m       this.logger.error(`Paystack Get Banks Error: ${error.message}`);
[7m  [0m [91m                                                           ~~~~~~~[0m
[96mapps/api/src/modules/payments/paystack.service.ts[0m:[93m115[0m:[93m44[0m - [91merror[0m[90m TS2339: 
[0mProperty 'response' does not exist on type 'unknown'.

[7m115[0m         `Paystack Recipient Error: ${error.response?.data?.message || error.message}`,
[7m   [0m [91m                                           ~~~~~~~~[0m
[96mapps/api/src/modules/payments/paystack.service.ts[0m:[93m115[0m:[93m77[0m - [91merror[0m[90m TS2339: 
[0mProperty 'message' does not exist on type 'unknown'.

[7m115[0m         `Paystack Recipient Error: ${error.response?.data?.message || error.message}`,
[7m   [0m [91m                                                                            ~~~~~~~[0m
[96mapps/api/src/modules/payments/paystack.service.ts[0m:[93m135[0m:[93m43[0m - [91merror[0m[90m TS2339: 
[0mProperty 'response' does not exist on type 'unknown'.

[7m135[0m         `Paystack Transfer Error: ${error.response?.data?.message || error.message}`,
[7m   [0m [91m                                          ~~~~~~~~[0m
[96mapps/api/src/modules/payments/paystack.service.ts[0m:[93m135[0m:[93m76[0m - [91merror[0m[90m TS2339: 
[0mProperty 'message' does not exist on type 'unknown'.

[7m135[0m         `Paystack Transfer Error: ${error.response?.data?.message || error.message}`,
[7m   [0m [91m                                                                           ~~~~~~~[0m
[96mapps/api/src/modules/payouts/payouts.service.ts[0m:[93m60[0m:[93m58[0m - [91merror[0m[90m TS2339: 
[0mProperty 'message' does not exist on type 'unknown'.

[7m60[0m       console.error("Subaccount creation failed:", error.message);
[7m  [0m [91m                                                         ~~~~~~~[0m
[96mapps/api/src/modules/redis/redis.service.ts[0m:[93m50[0m:[93m64[0m - [91merror[0m[90m TS2339: 
[0mProperty 'message' does not exist on type 'unknown'.

[7m50[0m       console.error("[Redis] connection failed to start:", err.message);
[7m  [0m [91m                                                               ~~~~~~~[0m
[96mapps/api/src/prisma/prisma.service.ts[0m:[93m23[0m:[93m83[0m - [91merror[0m[90m TS2339: [0mProperty 
'message' does not exist on type 'unknown'.

[7m23[0m       console.error("[Prisma] Failed to parse DATABASE_URL, using raw string:", e.message);
[7m  [0m [91m                                                                                  ~~~~~~~[0m
[96mapps/api/src/prisma/prisma.service.ts[0m:[93m40[0m:[93m79[0m - [91merror[0m[90m TS2339: [0mProperty 
'message' does not exist on type 'unknown'.

[7m40[0m       console.error("[Prisma] Database connection failed during boot:", error.message);
[7m  [0m [91m                                                                              ~~~~~~~[0m
[96mapps/api/test/app.e2e-spec.ts[0m:[93m19[0m:[93m12[0m - [91merror[0m[90m TS2349: [0mThis expression is 
not callable.
  Type '{ default: SuperTestStatic; Test: typeof Test; agent: typeof TestAgent & ((app?: App, options?: AgentOptions) 
=> TestAgent<Test>); }' has no call signatures.

[7m19[0m     return request(app.getHttpServer())
[7m  [0m [91m           ~~~~~~~[0m

  [96mapps/api/test/app.e2e-spec.ts[0m:[93m3[0m:[93m1[0m
    [7m3[0m import * as request from "supertest";
    [7m [0m [96m~~~~~~~~~~~~~~~~~~~~~~~~~~~~~~~~~~~~~[0m
    Type originates at this import. A namespace-style import cannot be called or constructed, and will cause a failure 
at runtime. Consider using a default import or import require here instead.
[96mtsconfig.json[0m:[93m12[0m:[93m5[0m - [91merror[0m[90m TS5101: [0mOption 'baseUrl' is deprecated and 
will stop functioning in TypeScript 7.0. Specify compilerOption '"ignoreDeprecations": "6.0"' to silence this error.
  Visit https://aka.ms/ts6 for migration information.

[7m12[0m     "baseUrl": "./",
[7m  [0m [91m    ~~~~~~~~~[0m

Found 26 error(s).

